AWSTemplateFormatVersion: 2010-09-09
Description: Tenant Cluster Control Plane Finalizer Cloud Formation Stack.
Resources:
  
